3
bcdefghi
bxefghi
mdefghi
1
efghija
1
iiiiiiiiiii
81
5
cccd
ccx
cwd
wcd
wx
