12
21
23
24
43
43
43
213
213
214
412
412
412
434
1234
2143
2143
4123
4124
Comparisons: 61
